// Jest Snapshot v1, https://goo.gl/fbAQLP

exports[`should render comic list item 1`] = `
<Link
  className="list-item"
  replace={false}
  to="/edit/2"
>
  <div>
    <h3
      className="list-item__title"
    >
      Fantastic Four
    </h3>
    <span
      className="list-item__sub-title"
    >
      Publication Date: 
      December 27th, 1969
    </span>
    <span
      className="list-item__sub-title"
    >
      Story By: 
      Lee
    </span>
    <span
      className="list-item__sub-title"
    >
      Art By: 
      Ditko
    </span>
  </div>
  <h3
    className="list-item__data"
  >
    13
  </h3>
</Link>
`;
